[
  {
    "code": "87120030",
    "name": "Jízdní kola, bez motoru (kromě bez kuličkových ložisek)",
    "unit": "PCE",
    "intervals": [
      {
        "period": "1/2014",
        "import": [
          {
            "country": "AT",
            "countryName": "Rakousko",
            "weight": "19733",
            "price": "7332",
            "count": "1427"
          },
          {
            "country": "DE",
            "countryName": "Německo",
            "weight": "51719",
            "price": "65311",
            "count": "4186"
          }
        ],
        "export": [
          {
            "country": "AT",
            "countryName": "Rakousko",
            "weight": "460302",
            "price": "125922",
            "count": "24207"
          },
          {
            "country": "DE",
            "countryName": "Německo",
            "weight": "550446",
            "price": "195410",
            "count": "37097"
          }
        ]
      },
      {
        "period": "2/2014",
        "import": [
          {
            "country": "AT",
            "countryName": "Rakousko",
            "weight": "5628",
            "price": "3544",
            "count": "380"
          },
          {
            "country": "DE",
            "countryName": "Německo",
            "weight": "59664",
            "price": "49284",
            "count": "4716"
          }
        ],
        "export": [
          {
            "country": "AT",
            "countryName": "Rakousko",
            "weight": "304159",
            "price": "85356",
            "count": "15368"
          },
          {
            "country": "DE",
            "countryName": "Německo",
            "weight": "614751",
            "price": "198422",
            "count": "41406"
          }
        ]
      }
    ]
  },
  {
    "code": "87149110",
    "name": "Rámy pro vozidla čísel 8711 až 8713 (kromě pro motocykly,mopedy a vozí",
    "unit": "PCE",
    "intervals": [
      {
        "period": "1/2014",
        "import": [
          {
            "country": "DE",
            "countryName": "Německo",
            "weight": "26",
            "price": "189",
            "count": "64"
          }
        ],
        "export": [
          {
            "country": "AT",
            "countryName": "Rakousko",
            "weight": "568",
            "price": "857",
            "count": "377"
          },
          {
            "country": "DE",
            "countryName": "Německo",
            "weight": "5937",
            "price": "4394",
            "count": "1180"
          }
        ]
      },
      {
        "period": "2/2014",
        "import": [
          {
            "country": "DE",
            "countryName": "Německo",
            "weight": "37",
            "price": "294",
            "count": "48"
          }
        ],
        "export": [
          {
            "country": "AT",
            "countryName": "Rakousko",
            "weight": "290",
            "price": "454",
            "count": "120"
          },
          {
            "country": "DE",
            "countryName": "Německo",
            "weight": "22164",
            "price": "9315",
            "count": "9118"
          }
        ]
      }
    ]
  }
]
